Archive member included to satisfy reference by file (symbol)

/usr/lib/gcc/avr/5.4.0/avr6/libgcc.a(_exit.o)
                              /usr/lib/gcc/avr/5.4.0/../../../avr/lib/avr6/crtatmega2560.o (exit)
/usr/lib/gcc/avr/5.4.0/avr6/libgcc.a(_tablejump2.o)
                              obj/Release/main.o (__tablejump2__)
/usr/lib/gcc/avr/5.4.0/avr6/libgcc.a(_copy_data.o)
                              obj/Release/main.o (__do_copy_data)
/usr/lib/gcc/avr/5.4.0/avr6/libgcc.a(_clear_bss.o)
                              obj/Release/main.o (__do_clear_bss)
/usr/lib/gcc/avr/5.4.0/../../../avr/lib/avr6/libc.a(fdevopen.o)
                              obj/Release/main.o (fdevopen)
/usr/lib/gcc/avr/5.4.0/../../../avr/lib/avr6/libc.a(iob.o)
                              /usr/lib/gcc/avr/5.4.0/../../../avr/lib/avr6/libc.a(fdevopen.o) (__iob)
/usr/lib/gcc/avr/5.4.0/../../../avr/lib/avr6/libc.a(printf.o)
                              obj/Release/main.o (printf)
/usr/lib/gcc/avr/5.4.0/../../../avr/lib/avr6/libc.a(vfprintf_std.o)
                              /usr/lib/gcc/avr/5.4.0/../../../avr/lib/avr6/libc.a(printf.o) (vfprintf)
/usr/lib/gcc/avr/5.4.0/../../../avr/lib/avr6/libc.a(calloc.o)
                              /usr/lib/gcc/avr/5.4.0/../../../avr/lib/avr6/libc.a(fdevopen.o) (calloc)
/usr/lib/gcc/avr/5.4.0/../../../avr/lib/avr6/libc.a(malloc.o)
                              /usr/lib/gcc/avr/5.4.0/../../../avr/lib/avr6/libc.a(calloc.o) (malloc)
/usr/lib/gcc/avr/5.4.0/../../../avr/lib/avr6/libc.a(strnlen_P.o)
                              /usr/lib/gcc/avr/5.4.0/../../../avr/lib/avr6/libc.a(vfprintf_std.o) (strnlen_P)
/usr/lib/gcc/avr/5.4.0/../../../avr/lib/avr6/libc.a(memset.o)
                              /usr/lib/gcc/avr/5.4.0/../../../avr/lib/avr6/libc.a(calloc.o) (memset)
/usr/lib/gcc/avr/5.4.0/../../../avr/lib/avr6/libc.a(strnlen.o)
                              /usr/lib/gcc/avr/5.4.0/../../../avr/lib/avr6/libc.a(vfprintf_std.o) (strnlen)
/usr/lib/gcc/avr/5.4.0/../../../avr/lib/avr6/libc.a(fputc.o)
                              /usr/lib/gcc/avr/5.4.0/../../../avr/lib/avr6/libc.a(vfprintf_std.o) (fputc)
/usr/lib/gcc/avr/5.4.0/../../../avr/lib/avr6/libc.a(ultoa_invert.o)
                              /usr/lib/gcc/avr/5.4.0/../../../avr/lib/avr6/libc.a(vfprintf_std.o) (__ultoa_invert)

Allocating common symbols
Common symbol       size              file

t2                  0x2               obj/Release/main.o
__brkval            0x2               /usr/lib/gcc/avr/5.4.0/../../../avr/lib/avr6/libc.a(malloc.o)
term                0x2               obj/Release/main.o
t1                  0x2               obj/Release/main.o
receiver1           0x12              obj/Release/main.o
__flp               0x2               /usr/lib/gcc/avr/5.4.0/../../../avr/lib/avr6/libc.a(malloc.o)
__iob               0x6               /usr/lib/gcc/avr/5.4.0/../../../avr/lib/avr6/libc.a(iob.o)

Memory Configuration

Name             Origin             Length             Attributes
text             0x0000000000000000 0x0000000000100000 xr
data             0x0000000000800200 0x000000000000fe00 rw !x
eeprom           0x0000000000810000 0x0000000000010000 rw !x
fuse             0x0000000000820000 0x0000000000000003 rw !x
lock             0x0000000000830000 0x0000000000000400 rw !x
signature        0x0000000000840000 0x0000000000000400 rw !x
user_signatures  0x0000000000850000 0x0000000000000400 rw !x
*default*        0x0000000000000000 0xffffffffffffffff

Linker script and memory map

Address of section .data set to 0x800200
LOAD /usr/lib/gcc/avr/5.4.0/../../../avr/lib/avr6/crtatmega2560.o
LOAD obj/Release/main.o
LOAD obj/Release/rf.o
LOAD obj/Release/uart.o
START GROUP
LOAD /usr/lib/gcc/avr/5.4.0/avr6/libgcc.a
LOAD /usr/lib/gcc/avr/5.4.0/../../../avr/lib/avr6/libm.a
LOAD /usr/lib/gcc/avr/5.4.0/../../../avr/lib/avr6/libc.a
LOAD /usr/lib/gcc/avr/5.4.0/../../../avr/lib/avr6/libatmega2560.a
END GROUP
                0x0000000000000000                __TEXT_REGION_ORIGIN__ = DEFINED (__TEXT_REGION_ORIGIN__)?__TEXT_REGION_ORIGIN__:0x0
                0x0000000000800200                __DATA_REGION_ORIGIN__ = DEFINED (__DATA_REGION_ORIGIN__)?__DATA_REGION_ORIGIN__:0x800200
                0x0000000000100000                __TEXT_REGION_LENGTH__ = DEFINED (__TEXT_REGION_LENGTH__)?__TEXT_REGION_LENGTH__:0x100000
                0x000000000000fe00                __DATA_REGION_LENGTH__ = DEFINED (__DATA_REGION_LENGTH__)?__DATA_REGION_LENGTH__:0xfe00
                0x0000000000010000                __EEPROM_REGION_LENGTH__ = DEFINED (__EEPROM_REGION_LENGTH__)?__EEPROM_REGION_LENGTH__:0x10000
                [0x0000000000000003]                __FUSE_REGION_LENGTH__ = DEFINED (__FUSE_REGION_LENGTH__)?__FUSE_REGION_LENGTH__:0x400
                0x0000000000000400                __LOCK_REGION_LENGTH__ = DEFINED (__LOCK_REGION_LENGTH__)?__LOCK_REGION_LENGTH__:0x400
                0x0000000000000400                __SIGNATURE_REGION_LENGTH__ = DEFINED (__SIGNATURE_REGION_LENGTH__)?__SIGNATURE_REGION_LENGTH__:0x400
                0x0000000000000400                __USER_SIGNATURE_REGION_LENGTH__ = DEFINED (__USER_SIGNATURE_REGION_LENGTH__)?__USER_SIGNATURE_REGION_LENGTH__:0x400

.hash
 *(.hash)

.dynsym
 *(.dynsym)

.dynstr
 *(.dynstr)

.gnu.version
 *(.gnu.version)

.gnu.version_d
 *(.gnu.version_d)

.gnu.version_r
 *(.gnu.version_r)

.rel.init
 *(.rel.init)

.rela.init
 *(.rela.init)

.rel.text
 *(.rel.text)
 *(.rel.text.*)
 *(.rel.gnu.linkonce.t*)

.rela.text
 *(.rela.text)
 *(.rela.text.*)
 *(.rela.gnu.linkonce.t*)

.rel.fini
 *(.rel.fini)

.rela.fini
 *(.rela.fini)

.rel.rodata
 *(.rel.rodata)
 *(.rel.rodata.*)
 *(.rel.gnu.linkonce.r*)

.rela.rodata
 *(.rela.rodata)
 *(.rela.rodata.*)
 *(.rela.gnu.linkonce.r*)

.rel.data
 *(.rel.data)
 *(.rel.data.*)
 *(.rel.gnu.linkonce.d*)

.rela.data
 *(.rela.data)
 *(.rela.data.*)
 *(.rela.gnu.linkonce.d*)

.rel.ctors
 *(.rel.ctors)

.rela.ctors
 *(.rela.ctors)

.rel.dtors
 *(.rel.dtors)

.rela.dtors
 *(.rela.dtors)

.rel.got
 *(.rel.got)

.rela.got
 *(.rela.got)

.rel.bss
 *(.rel.bss)

.rela.bss
 *(.rela.bss)

.rel.plt
 *(.rel.plt)

.rela.plt
 *(.rela.plt)

.text           0x0000000000000000      0xe4a
 *(.vectors)
 .vectors       0x0000000000000000       0xe4 /usr/lib/gcc/avr/5.4.0/../../../avr/lib/avr6/crtatmega2560.o
                0x0000000000000000                __vectors
                0x0000000000000000                __vector_default
 *(.vectors)
 *(.progmem.gcc*)
 .progmem.gcc_sw_table
                0x00000000000000e4       0x12 obj/Release/main.o
                0x00000000000000f6                . = ALIGN (0x2)
                0x00000000000000f6                __trampolines_start = .
 *(.trampolines)
 .trampolines   0x00000000000000f6       0x28 linker stubs
 *(.trampolines*)
                0x000000000000011e                __trampolines_end = .
 *libprintf_flt.a:*(.progmem.data)
 *libc.a:*(.progmem.data)
 *(.progmem*)
                0x000000000000011e                . = ALIGN (0x2)
 *(.jumptables)
 *(.jumptables*)
 *(.lowtext)
 *(.lowtext*)
                0x000000000000011e                __ctors_start = .
 *(.ctors)
                0x000000000000011e                __ctors_end = .
                0x000000000000011e                __dtors_start = .
 *(.dtors)
                0x000000000000011e                __dtors_end = .
 SORT(*)(.ctors)
 SORT(*)(.dtors)
 *(.init0)
 .init0         0x000000000000011e        0x0 /usr/lib/gcc/avr/5.4.0/../../../avr/lib/avr6/crtatmega2560.o
                0x000000000000011e                __init
 *(.init0)
 *(.init1)
 *(.init1)
 *(.init2)
 .init2         0x000000000000011e       0x10 /usr/lib/gcc/avr/5.4.0/../../../avr/lib/avr6/crtatmega2560.o
 *(.init2)
 *(.init3)
 *(.init3)
 *(.init4)
 .init4         0x000000000000012e       0x1a /usr/lib/gcc/avr/5.4.0/avr6/libgcc.a(_copy_data.o)
                0x000000000000012e                __do_copy_data
 .init4         0x0000000000000148       0x10 /usr/lib/gcc/avr/5.4.0/avr6/libgcc.a(_clear_bss.o)
                0x0000000000000148                __do_clear_bss
 *(.init4)
 *(.init5)
 *(.init5)
 *(.init6)
 *(.init6)
 *(.init7)
 *(.init7)
 *(.init8)
 *(.init8)
 *(.init9)
 .init9         0x0000000000000158        0x8 /usr/lib/gcc/avr/5.4.0/../../../avr/lib/avr6/crtatmega2560.o
 *(.init9)
 *(.text)
 .text          0x0000000000000160        0x4 /usr/lib/gcc/avr/5.4.0/../../../avr/lib/avr6/crtatmega2560.o
                0x0000000000000160                __vector_38
                0x0000000000000160                __vector_22
                0x0000000000000160                __vector_28
                0x0000000000000160                __vector_1
                0x0000000000000160                __vector_32
                0x0000000000000160                __vector_34
                0x0000000000000160                __vector_24
                0x0000000000000160                __vector_12
                0x0000000000000160                __vector_55
                0x0000000000000160                __vector_46
                0x0000000000000160                __bad_interrupt
                0x0000000000000160                __vector_6
                0x0000000000000160                __vector_31
                0x0000000000000160                __vector_35
                0x0000000000000160                __vector_39
                0x0000000000000160                __vector_3
                0x0000000000000160                __vector_23
                0x0000000000000160                __vector_30
                0x0000000000000160                __vector_45
                0x0000000000000160                __vector_25
                0x0000000000000160                __vector_11
                0x0000000000000160                __vector_54
                0x0000000000000160                __vector_13
                0x0000000000000160                __vector_17
                0x0000000000000160                __vector_19
                0x0000000000000160                __vector_56
                0x0000000000000160                __vector_7
                0x0000000000000160                __vector_49
                0x0000000000000160                __vector_41
                0x0000000000000160                __vector_43
                0x0000000000000160                __vector_27
                0x0000000000000160                __vector_33
                0x0000000000000160                __vector_47
                0x0000000000000160                __vector_52
                0x0000000000000160                __vector_37
                0x0000000000000160                __vector_4
                0x0000000000000160                __vector_44
                0x0000000000000160                __vector_51
                0x0000000000000160                __vector_9
                0x0000000000000160                __vector_2
                0x0000000000000160                __vector_21
                0x0000000000000160                __vector_15
                0x0000000000000160                __vector_36
                0x0000000000000160                __vector_29
                0x0000000000000160                __vector_40
                0x0000000000000160                __vector_8
                0x0000000000000160                __vector_26
                0x0000000000000160                __vector_48
                0x0000000000000160                __vector_14
                0x0000000000000160                __vector_53
                0x0000000000000160                __vector_10
                0x0000000000000160                __vector_50
                0x0000000000000160                __vector_16
                0x0000000000000160                __vector_18
                0x0000000000000160                __vector_20
                0x0000000000000160                __vector_42
 .text          0x0000000000000164      0x240 obj/Release/main.o
                0x0000000000000164                __vector_5
 .text          0x00000000000003a4       0x66 obj/Release/rf.o
                0x00000000000003a4                rf_receiver_init
                0x00000000000003ca                rf_ppm_timer_set
 .text          0x000000000000040a       0x76 obj/Release/uart.o
                0x000000000000040a                uart_init
                0x000000000000043a                uart_recieve
                0x0000000000000448                uart_transmit
                0x0000000000000456                uart_string_transmit
                0x000000000000046e                usart_tx_char
 .text          0x0000000000000480        0x0 /usr/lib/gcc/avr/5.4.0/avr6/libgcc.a(_exit.o)
 .text          0x0000000000000480        0x0 /usr/lib/gcc/avr/5.4.0/avr6/libgcc.a(_tablejump2.o)
 .text          0x0000000000000480        0x0 /usr/lib/gcc/avr/5.4.0/avr6/libgcc.a(_copy_data.o)
 .text          0x0000000000000480        0x0 /usr/lib/gcc/avr/5.4.0/avr6/libgcc.a(_clear_bss.o)
 .text          0x0000000000000480        0x0 /usr/lib/gcc/avr/5.4.0/../../../avr/lib/avr6/libc.a(fdevopen.o)
 .text          0x0000000000000480        0x0 /usr/lib/gcc/avr/5.4.0/../../../avr/lib/avr6/libc.a(iob.o)
 .text          0x0000000000000480        0x0 /usr/lib/gcc/avr/5.4.0/../../../avr/lib/avr6/libc.a(printf.o)
 .text          0x0000000000000480        0x0 /usr/lib/gcc/avr/5.4.0/../../../avr/lib/avr6/libc.a(vfprintf_std.o)
 .text          0x0000000000000480        0x0 /usr/lib/gcc/avr/5.4.0/../../../avr/lib/avr6/libc.a(calloc.o)
 .text          0x0000000000000480        0x0 /usr/lib/gcc/avr/5.4.0/../../../avr/lib/avr6/libc.a(malloc.o)
 .text          0x0000000000000480        0x0 /usr/lib/gcc/avr/5.4.0/../../../avr/lib/avr6/libc.a(strnlen_P.o)
 .text          0x0000000000000480        0x0 /usr/lib/gcc/avr/5.4.0/../../../avr/lib/avr6/libc.a(memset.o)
 .text          0x0000000000000480        0x0 /usr/lib/gcc/avr/5.4.0/../../../avr/lib/avr6/libc.a(strnlen.o)
 .text          0x0000000000000480        0x0 /usr/lib/gcc/avr/5.4.0/../../../avr/lib/avr6/libc.a(fputc.o)
 .text          0x0000000000000480        0x0 /usr/lib/gcc/avr/5.4.0/../../../avr/lib/avr6/libc.a(ultoa_invert.o)
                0x0000000000000480                . = ALIGN (0x2)
 *(.text.*)
 .text.startup  0x0000000000000480       0xfc obj/Release/main.o
                0x0000000000000480                main
 .text.libgcc.mul
                0x000000000000057c        0x0 /usr/lib/gcc/avr/5.4.0/avr6/libgcc.a(_exit.o)
 .text.libgcc.div
                0x000000000000057c        0x0 /usr/lib/gcc/avr/5.4.0/avr6/libgcc.a(_exit.o)
 .text.libgcc   0x000000000000057c        0x0 /usr/lib/gcc/avr/5.4.0/avr6/libgcc.a(_exit.o)
 .text.libgcc.prologue
                0x000000000000057c        0x0 /usr/lib/gcc/avr/5.4.0/avr6/libgcc.a(_exit.o)
 .text.libgcc.builtins
                0x000000000000057c        0x0 /usr/lib/gcc/avr/5.4.0/avr6/libgcc.a(_exit.o)
 .text.libgcc.fmul
                0x000000000000057c        0x0 /usr/lib/gcc/avr/5.4.0/avr6/libgcc.a(_exit.o)
 .text.libgcc.fixed
                0x000000000000057c        0x0 /usr/lib/gcc/avr/5.4.0/avr6/libgcc.a(_exit.o)
 .text.libgcc.mul
                0x000000000000057c        0x0 /usr/lib/gcc/avr/5.4.0/avr6/libgcc.a(_tablejump2.o)
 .text.libgcc.div
                0x000000000000057c        0x0 /usr/lib/gcc/avr/5.4.0/avr6/libgcc.a(_tablejump2.o)
 .text.libgcc   0x000000000000057c       0x10 /usr/lib/gcc/avr/5.4.0/avr6/libgcc.a(_tablejump2.o)
                0x000000000000057c                __tablejump2__
 .text.libgcc.prologue
                0x000000000000058c        0x0 /usr/lib/gcc/avr/5.4.0/avr6/libgcc.a(_tablejump2.o)
 .text.libgcc.builtins
                0x000000000000058c        0x0 /usr/lib/gcc/avr/5.4.0/avr6/libgcc.a(_tablejump2.o)
 .text.libgcc.fmul
                0x000000000000058c        0x0 /usr/lib/gcc/avr/5.4.0/avr6/libgcc.a(_tablejump2.o)
 .text.libgcc.fixed
                0x000000000000058c        0x0 /usr/lib/gcc/avr/5.4.0/avr6/libgcc.a(_tablejump2.o)
 .text.libgcc.mul
                0x000000000000058c        0x0 /usr/lib/gcc/avr/5.4.0/avr6/libgcc.a(_copy_data.o)
 .text.libgcc.div
                0x000000000000058c        0x0 /usr/lib/gcc/avr/5.4.0/avr6/libgcc.a(_copy_data.o)
 .text.libgcc   0x000000000000058c        0x0 /usr/lib/gcc/avr/5.4.0/avr6/libgcc.a(_copy_data.o)
 .text.libgcc.prologue
                0x000000000000058c        0x0 /usr/lib/gcc/avr/5.4.0/avr6/libgcc.a(_copy_data.o)
 .text.libgcc.builtins
                0x000000000000058c        0x0 /usr/lib/gcc/avr/5.4.0/avr6/libgcc.a(_copy_data.o)
 .text.libgcc.fmul
                0x000000000000058c        0x0 /usr/lib/gcc/avr/5.4.0/avr6/libgcc.a(_copy_data.o)
 .text.libgcc.fixed
                0x000000000000058c        0x0 /usr/lib/gcc/avr/5.4.0/avr6/libgcc.a(_copy_data.o)
 .text.libgcc.mul
                0x000000000000058c        0x0 /usr/lib/gcc/avr/5.4.0/avr6/libgcc.a(_clear_bss.o)
 .text.libgcc.div
                0x000000000000058c        0x0 /usr/lib/gcc/avr/5.4.0/avr6/libgcc.a(_clear_bss.o)
 .text.libgcc   0x000000000000058c        0x0 /usr/lib/gcc/avr/5.4.0/avr6/libgcc.a(_clear_bss.o)
 .text.libgcc.prologue
                0x000000000000058c        0x0 /usr/lib/gcc/avr/5.4.0/avr6/libgcc.a(_clear_bss.o)
 .text.libgcc.builtins
                0x000000000000058c        0x0 /usr/lib/gcc/avr/5.4.0/avr6/libgcc.a(_clear_bss.o)
 .text.libgcc.fmul
                0x000000000000058c        0x0 /usr/lib/gcc/avr/5.4.0/avr6/libgcc.a(_clear_bss.o)
 .text.libgcc.fixed
                0x000000000000058c        0x0 /usr/lib/gcc/avr/5.4.0/avr6/libgcc.a(_clear_bss.o)
 .text.avr-libc
                0x000000000000058c       0x96 /usr/lib/gcc/avr/5.4.0/../../../avr/lib/avr6/libc.a(fdevopen.o)
                0x000000000000058c                fdevopen
 .text.avr-libc
                0x0000000000000622       0x28 /usr/lib/gcc/avr/5.4.0/../../../avr/lib/avr6/libc.a(printf.o)
                0x0000000000000622                printf
 .text.avr-libc
                0x000000000000064a      0x414 /usr/lib/gcc/avr/5.4.0/../../../avr/lib/avr6/libc.a(vfprintf_std.o)
                0x000000000000064a                vfprintf
 .text.avr-libc
                0x0000000000000a5e       0x38 /usr/lib/gcc/avr/5.4.0/../../../avr/lib/avr6/libc.a(calloc.o)
                0x0000000000000a5e                calloc
 .text.avr-libc
                0x0000000000000a96      0x242 /usr/lib/gcc/avr/5.4.0/../../../avr/lib/avr6/libc.a(malloc.o)
                0x0000000000000a96                malloc
                0x0000000000000bc6                free
 .text.avr-libc
                0x0000000000000cd8       0x16 /usr/lib/gcc/avr/5.4.0/../../../avr/lib/avr6/libc.a(strnlen_P.o)
                0x0000000000000cd8                strnlen_P
 .text.avr-libc
                0x0000000000000cee        0xe /usr/lib/gcc/avr/5.4.0/../../../avr/lib/avr6/libc.a(memset.o)
                0x0000000000000cee                memset
 .text.avr-libc
                0x0000000000000cfc       0x16 /usr/lib/gcc/avr/5.4.0/../../../avr/lib/avr6/libc.a(strnlen.o)
                0x0000000000000cfc                strnlen
 .text.avr-libc
                0x0000000000000d12       0x78 /usr/lib/gcc/avr/5.4.0/../../../avr/lib/avr6/libc.a(fputc.o)
                0x0000000000000d12                fputc
 .text.avr-libc
                0x0000000000000d8a       0xbc /usr/lib/gcc/avr/5.4.0/../../../avr/lib/avr6/libc.a(ultoa_invert.o)
                0x0000000000000d8a                __ultoa_invert
                0x0000000000000e46                . = ALIGN (0x2)
 *(.fini9)
 .fini9         0x0000000000000e46        0x0 /usr/lib/gcc/avr/5.4.0/avr6/libgcc.a(_exit.o)
                0x0000000000000e46                exit
                0x0000000000000e46                _exit
 *(.fini9)
 *(.fini8)
 *(.fini8)
 *(.fini7)
 *(.fini7)
 *(.fini6)
 *(.fini6)
 *(.fini5)
 *(.fini5)
 *(.fini4)
 *(.fini4)
 *(.fini3)
 *(.fini3)
 *(.fini2)
 *(.fini2)
 *(.fini1)
 *(.fini1)
 *(.fini0)
 .fini0         0x0000000000000e46        0x4 /usr/lib/gcc/avr/5.4.0/avr6/libgcc.a(_exit.o)
 *(.fini0)
                0x0000000000000e4a                _etext = .

.data           0x0000000000800200       0xbe load address 0x0000000000000e4a
                0x0000000000800200                PROVIDE (__data_start, .)
 *(.data)
 .data          0x0000000000800200        0x0 /usr/lib/gcc/avr/5.4.0/../../../avr/lib/avr6/crtatmega2560.o
 .data          0x0000000000800200        0x0 obj/Release/main.o
 .data          0x0000000000800200        0x0 obj/Release/rf.o
 .data          0x0000000000800200        0x0 obj/Release/uart.o
 .data          0x0000000000800200        0x0 /usr/lib/gcc/avr/5.4.0/avr6/libgcc.a(_exit.o)
 .data          0x0000000000800200        0x0 /usr/lib/gcc/avr/5.4.0/avr6/libgcc.a(_tablejump2.o)
 .data          0x0000000000800200        0x0 /usr/lib/gcc/avr/5.4.0/avr6/libgcc.a(_copy_data.o)
 .data          0x0000000000800200        0x0 /usr/lib/gcc/avr/5.4.0/avr6/libgcc.a(_clear_bss.o)
 .data          0x0000000000800200        0x0 /usr/lib/gcc/avr/5.4.0/../../../avr/lib/avr6/libc.a(fdevopen.o)
 .data          0x0000000000800200        0x0 /usr/lib/gcc/avr/5.4.0/../../../avr/lib/avr6/libc.a(iob.o)
 .data          0x0000000000800200        0x0 /usr/lib/gcc/avr/5.4.0/../../../avr/lib/avr6/libc.a(printf.o)
 .data          0x0000000000800200        0x0 /usr/lib/gcc/avr/5.4.0/../../../avr/lib/avr6/libc.a(vfprintf_std.o)
 .data          0x0000000000800200        0x0 /usr/lib/gcc/avr/5.4.0/../../../avr/lib/avr6/libc.a(calloc.o)
 .data          0x0000000000800200        0x6 /usr/lib/gcc/avr/5.4.0/../../../avr/lib/avr6/libc.a(malloc.o)
                0x0000000000800200                __malloc_heap_end
                0x0000000000800202                __malloc_heap_start
                0x0000000000800204                __malloc_margin
 .data          0x0000000000800206        0x0 /usr/lib/gcc/avr/5.4.0/../../../avr/lib/avr6/libc.a(strnlen_P.o)
 .data          0x0000000000800206        0x0 /usr/lib/gcc/avr/5.4.0/../../../avr/lib/avr6/libc.a(memset.o)
 .data          0x0000000000800206        0x0 /usr/lib/gcc/avr/5.4.0/../../../avr/lib/avr6/libc.a(strnlen.o)
 .data          0x0000000000800206        0x0 /usr/lib/gcc/avr/5.4.0/../../../avr/lib/avr6/libc.a(fputc.o)
 .data          0x0000000000800206        0x0 /usr/lib/gcc/avr/5.4.0/../../../avr/lib/avr6/libc.a(ultoa_invert.o)
 *(.data*)
 *(.gnu.linkonce.d*)
 *(.rodata)
 .rodata        0x0000000000800206       0xb7 obj/Release/main.o
 *(.rodata*)
 *(.gnu.linkonce.r*)
                0x00000000008002be                . = ALIGN (0x2)
 *fill*         0x00000000008002bd        0x1 
                0x00000000008002be                _edata = .
                0x00000000008002be                PROVIDE (__data_end, .)

.bss            0x00000000008002be       0x23
                0x00000000008002be                PROVIDE (__bss_start, .)
 *(.bss)
 .bss           0x00000000008002be        0x0 /usr/lib/gcc/avr/5.4.0/../../../avr/lib/avr6/crtatmega2560.o
 .bss           0x00000000008002be        0x1 obj/Release/main.o
                0x00000000008002be                falling_cnt
 .bss           0x00000000008002bf        0x0 obj/Release/rf.o
 .bss           0x00000000008002bf        0x0 obj/Release/uart.o
 .bss           0x00000000008002bf        0x0 /usr/lib/gcc/avr/5.4.0/avr6/libgcc.a(_exit.o)
 .bss           0x00000000008002bf        0x0 /usr/lib/gcc/avr/5.4.0/avr6/libgcc.a(_tablejump2.o)
 .bss           0x00000000008002bf        0x0 /usr/lib/gcc/avr/5.4.0/avr6/libgcc.a(_copy_data.o)
 .bss           0x00000000008002bf        0x0 /usr/lib/gcc/avr/5.4.0/avr6/libgcc.a(_clear_bss.o)
 .bss           0x00000000008002bf        0x0 /usr/lib/gcc/avr/5.4.0/../../../avr/lib/avr6/libc.a(fdevopen.o)
 .bss           0x00000000008002bf        0x0 /usr/lib/gcc/avr/5.4.0/../../../avr/lib/avr6/libc.a(iob.o)
 .bss           0x00000000008002bf        0x0 /usr/lib/gcc/avr/5.4.0/../../../avr/lib/avr6/libc.a(printf.o)
 .bss           0x00000000008002bf        0x0 /usr/lib/gcc/avr/5.4.0/../../../avr/lib/avr6/libc.a(vfprintf_std.o)
 .bss           0x00000000008002bf        0x0 /usr/lib/gcc/avr/5.4.0/../../../avr/lib/avr6/libc.a(calloc.o)
 .bss           0x00000000008002bf        0x0 /usr/lib/gcc/avr/5.4.0/../../../avr/lib/avr6/libc.a(malloc.o)
 .bss           0x00000000008002bf        0x0 /usr/lib/gcc/avr/5.4.0/../../../avr/lib/avr6/libc.a(strnlen_P.o)
 .bss           0x00000000008002bf        0x0 /usr/lib/gcc/avr/5.4.0/../../../avr/lib/avr6/libc.a(memset.o)
 .bss           0x00000000008002bf        0x0 /usr/lib/gcc/avr/5.4.0/../../../avr/lib/avr6/libc.a(strnlen.o)
 .bss           0x00000000008002bf        0x0 /usr/lib/gcc/avr/5.4.0/../../../avr/lib/avr6/libc.a(fputc.o)
 .bss           0x00000000008002bf        0x0 /usr/lib/gcc/avr/5.4.0/../../../avr/lib/avr6/libc.a(ultoa_invert.o)
 *(.bss*)
 *(COMMON)
 COMMON         0x00000000008002bf       0x18 obj/Release/main.o
                0x00000000008002bf                t2
                0x00000000008002c1                term
                0x00000000008002c3                t1
                0x00000000008002c5                receiver1
 COMMON         0x00000000008002d7        0x6 /usr/lib/gcc/avr/5.4.0/../../../avr/lib/avr6/libc.a(iob.o)
                0x00000000008002d7                __iob
 COMMON         0x00000000008002dd        0x4 /usr/lib/gcc/avr/5.4.0/../../../avr/lib/avr6/libc.a(malloc.o)
                0x00000000008002dd                __brkval
                0x00000000008002df                __flp
                0x00000000008002e1                PROVIDE (__bss_end, .)
                0x0000000000000e4a                __data_load_start = LOADADDR (.data)
                0x0000000000000f08                __data_load_end = (__data_load_start + SIZEOF (.data))

.noinit         0x00000000008002e1        0x0
                [!provide]                        PROVIDE (__noinit_start, .)
 *(.noinit*)
                [!provide]                        PROVIDE (__noinit_end, .)
                0x00000000008002e1                _end = .
                0x00000000008002e1                PROVIDE (__heap_start, .)

.eeprom         0x0000000000810000        0x0
 *(.eeprom*)
                0x0000000000810000                __eeprom_end = .

.fuse
 *(.fuse)
 *(.lfuse)
 *(.hfuse)
 *(.efuse)

.lock
 *(.lock*)

.signature
 *(.signature*)

.user_signatures
 *(.user_signatures*)

.stab
 *(.stab)

.stabstr
 *(.stabstr)

.stab.excl
 *(.stab.excl)

.stab.exclstr
 *(.stab.exclstr)

.stab.index
 *(.stab.index)

.stab.indexstr
 *(.stab.indexstr)

.comment        0x0000000000000000       0x11
 *(.comment)
 .comment       0x0000000000000000       0x11 obj/Release/main.o
                                         0x12 (size before relaxing)
 .comment       0x0000000000000011       0x12 obj/Release/rf.o
 .comment       0x0000000000000011       0x12 obj/Release/uart.o
 .comment       0x0000000000000011       0x12 /usr/lib/gcc/avr/5.4.0/../../../avr/lib/avr6/libc.a(fdevopen.o)
 .comment       0x0000000000000011       0x12 /usr/lib/gcc/avr/5.4.0/../../../avr/lib/avr6/libc.a(iob.o)
 .comment       0x0000000000000011       0x12 /usr/lib/gcc/avr/5.4.0/../../../avr/lib/avr6/libc.a(printf.o)
 .comment       0x0000000000000011       0x12 /usr/lib/gcc/avr/5.4.0/../../../avr/lib/avr6/libc.a(vfprintf_std.o)
 .comment       0x0000000000000011       0x12 /usr/lib/gcc/avr/5.4.0/../../../avr/lib/avr6/libc.a(calloc.o)
 .comment       0x0000000000000011       0x12 /usr/lib/gcc/avr/5.4.0/../../../avr/lib/avr6/libc.a(malloc.o)
 .comment       0x0000000000000011       0x12 /usr/lib/gcc/avr/5.4.0/../../../avr/lib/avr6/libc.a(fputc.o)

.note.gnu.avr.deviceinfo
                0x0000000000000000       0x40
 .note.gnu.avr.deviceinfo
                0x0000000000000000       0x40 /usr/lib/gcc/avr/5.4.0/../../../avr/lib/avr6/crtatmega2560.o

.note.gnu.build-id
 *(.note.gnu.build-id)

.debug
 *(.debug)

.line
 *(.line)

.debug_srcinfo
 *(.debug_srcinfo)

.debug_sfnames
 *(.debug_sfnames)

.debug_aranges
 *(.debug_aranges)

.debug_pubnames
 *(.debug_pubnames)

.debug_info     0x0000000000000000      0xbbc
 *(.debug_info .gnu.linkonce.wi.*)
 .debug_info    0x0000000000000000      0xbbc /usr/lib/gcc/avr/5.4.0/../../../avr/lib/avr6/crtatmega2560.o

.debug_abbrev   0x0000000000000000      0xb1a
 *(.debug_abbrev)
 .debug_abbrev  0x0000000000000000      0xb1a /usr/lib/gcc/avr/5.4.0/../../../avr/lib/avr6/crtatmega2560.o

.debug_line     0x0000000000000000       0x1a
 *(.debug_line .debug_line.* .debug_line_end)
 .debug_line    0x0000000000000000       0x1a /usr/lib/gcc/avr/5.4.0/../../../avr/lib/avr6/crtatmega2560.o

.debug_frame
 *(.debug_frame)

.debug_str      0x0000000000000000      0x3e6
 *(.debug_str)
 .debug_str     0x0000000000000000      0x3e6 /usr/lib/gcc/avr/5.4.0/../../../avr/lib/avr6/crtatmega2560.o

.debug_loc
 *(.debug_loc)

.debug_macinfo
 *(.debug_macinfo)

.debug_weaknames
 *(.debug_weaknames)

.debug_funcnames
 *(.debug_funcnames)

.debug_typenames
 *(.debug_typenames)

.debug_varnames
 *(.debug_varnames)

.debug_pubtypes
 *(.debug_pubtypes)

.debug_ranges
 *(.debug_ranges)

.debug_macro
 *(.debug_macro)
OUTPUT(bin/Release/RC_Car_Project.elf elf32-avr)
LOAD linker stubs

Cross Reference Table

Symbol                                            File
__FUSE_REGION_LENGTH__                            /usr/lib/gcc/avr/5.4.0/../../../avr/lib/avr6/crtatmega2560.o
__bad_interrupt                                   /usr/lib/gcc/avr/5.4.0/../../../avr/lib/avr6/crtatmega2560.o
__brkval                                          /usr/lib/gcc/avr/5.4.0/../../../avr/lib/avr6/libc.a(malloc.o)
__bss_end                                         /usr/lib/gcc/avr/5.4.0/avr6/libgcc.a(_clear_bss.o)
__bss_start                                       /usr/lib/gcc/avr/5.4.0/avr6/libgcc.a(_clear_bss.o)
__data_end                                        /usr/lib/gcc/avr/5.4.0/avr6/libgcc.a(_copy_data.o)
__data_load_start                                 /usr/lib/gcc/avr/5.4.0/avr6/libgcc.a(_copy_data.o)
__data_start                                      /usr/lib/gcc/avr/5.4.0/avr6/libgcc.a(_copy_data.o)
__do_clear_bss                                    /usr/lib/gcc/avr/5.4.0/avr6/libgcc.a(_clear_bss.o)
                                                  /usr/lib/gcc/avr/5.4.0/../../../avr/lib/avr6/libc.a(malloc.o)
                                                  /usr/lib/gcc/avr/5.4.0/../../../avr/lib/avr6/libc.a(iob.o)
                                                  obj/Release/main.o
__do_copy_data                                    /usr/lib/gcc/avr/5.4.0/avr6/libgcc.a(_copy_data.o)
                                                  /usr/lib/gcc/avr/5.4.0/../../../avr/lib/avr6/libc.a(malloc.o)
                                                  obj/Release/main.o
__flp                                             /usr/lib/gcc/avr/5.4.0/../../../avr/lib/avr6/libc.a(malloc.o)
__heap_end                                        /usr/lib/gcc/avr/5.4.0/../../../avr/lib/avr6/crtatmega2560.o
                                                  /usr/lib/gcc/avr/5.4.0/../../../avr/lib/avr6/libc.a(malloc.o)
__heap_start                                      /usr/lib/gcc/avr/5.4.0/../../../avr/lib/avr6/libc.a(malloc.o)
__init                                            /usr/lib/gcc/avr/5.4.0/../../../avr/lib/avr6/crtatmega2560.o
__iob                                             /usr/lib/gcc/avr/5.4.0/../../../avr/lib/avr6/libc.a(iob.o)
                                                  /usr/lib/gcc/avr/5.4.0/../../../avr/lib/avr6/libc.a(printf.o)
                                                  /usr/lib/gcc/avr/5.4.0/../../../avr/lib/avr6/libc.a(fdevopen.o)
__malloc_heap_end                                 /usr/lib/gcc/avr/5.4.0/../../../avr/lib/avr6/libc.a(malloc.o)
__malloc_heap_start                               /usr/lib/gcc/avr/5.4.0/../../../avr/lib/avr6/libc.a(malloc.o)
__malloc_margin                                   /usr/lib/gcc/avr/5.4.0/../../../avr/lib/avr6/libc.a(malloc.o)
__stack                                           /usr/lib/gcc/avr/5.4.0/../../../avr/lib/avr6/crtatmega2560.o
__tablejump2__                                    /usr/lib/gcc/avr/5.4.0/avr6/libgcc.a(_tablejump2.o)
                                                  obj/Release/main.o
__ultoa_invert                                    /usr/lib/gcc/avr/5.4.0/../../../avr/lib/avr6/libc.a(ultoa_invert.o)
                                                  /usr/lib/gcc/avr/5.4.0/../../../avr/lib/avr6/libc.a(vfprintf_std.o)
__vector_1                                        /usr/lib/gcc/avr/5.4.0/../../../avr/lib/avr6/crtatmega2560.o
__vector_10                                       /usr/lib/gcc/avr/5.4.0/../../../avr/lib/avr6/crtatmega2560.o
__vector_11                                       /usr/lib/gcc/avr/5.4.0/../../../avr/lib/avr6/crtatmega2560.o
__vector_12                                       /usr/lib/gcc/avr/5.4.0/../../../avr/lib/avr6/crtatmega2560.o
__vector_13                                       /usr/lib/gcc/avr/5.4.0/../../../avr/lib/avr6/crtatmega2560.o
__vector_14                                       /usr/lib/gcc/avr/5.4.0/../../../avr/lib/avr6/crtatmega2560.o
__vector_15                                       /usr/lib/gcc/avr/5.4.0/../../../avr/lib/avr6/crtatmega2560.o
__vector_16                                       /usr/lib/gcc/avr/5.4.0/../../../avr/lib/avr6/crtatmega2560.o
__vector_17                                       /usr/lib/gcc/avr/5.4.0/../../../avr/lib/avr6/crtatmega2560.o
__vector_18                                       /usr/lib/gcc/avr/5.4.0/../../../avr/lib/avr6/crtatmega2560.o
__vector_19                                       /usr/lib/gcc/avr/5.4.0/../../../avr/lib/avr6/crtatmega2560.o
__vector_2                                        /usr/lib/gcc/avr/5.4.0/../../../avr/lib/avr6/crtatmega2560.o
__vector_20                                       /usr/lib/gcc/avr/5.4.0/../../../avr/lib/avr6/crtatmega2560.o
__vector_21                                       /usr/lib/gcc/avr/5.4.0/../../../avr/lib/avr6/crtatmega2560.o
__vector_22                                       /usr/lib/gcc/avr/5.4.0/../../../avr/lib/avr6/crtatmega2560.o
__vector_23                                       /usr/lib/gcc/avr/5.4.0/../../../avr/lib/avr6/crtatmega2560.o
__vector_24                                       /usr/lib/gcc/avr/5.4.0/../../../avr/lib/avr6/crtatmega2560.o
__vector_25                                       /usr/lib/gcc/avr/5.4.0/../../../avr/lib/avr6/crtatmega2560.o
__vector_26                                       /usr/lib/gcc/avr/5.4.0/../../../avr/lib/avr6/crtatmega2560.o
__vector_27                                       /usr/lib/gcc/avr/5.4.0/../../../avr/lib/avr6/crtatmega2560.o
__vector_28                                       /usr/lib/gcc/avr/5.4.0/../../../avr/lib/avr6/crtatmega2560.o
__vector_29                                       /usr/lib/gcc/avr/5.4.0/../../../avr/lib/avr6/crtatmega2560.o
__vector_3                                        /usr/lib/gcc/avr/5.4.0/../../../avr/lib/avr6/crtatmega2560.o
__vector_30                                       /usr/lib/gcc/avr/5.4.0/../../../avr/lib/avr6/crtatmega2560.o
__vector_31                                       /usr/lib/gcc/avr/5.4.0/../../../avr/lib/avr6/crtatmega2560.o
__vector_32                                       /usr/lib/gcc/avr/5.4.0/../../../avr/lib/avr6/crtatmega2560.o
__vector_33                                       /usr/lib/gcc/avr/5.4.0/../../../avr/lib/avr6/crtatmega2560.o
__vector_34                                       /usr/lib/gcc/avr/5.4.0/../../../avr/lib/avr6/crtatmega2560.o
__vector_35                                       /usr/lib/gcc/avr/5.4.0/../../../avr/lib/avr6/crtatmega2560.o
__vector_36                                       /usr/lib/gcc/avr/5.4.0/../../../avr/lib/avr6/crtatmega2560.o
__vector_37                                       /usr/lib/gcc/avr/5.4.0/../../../avr/lib/avr6/crtatmega2560.o
__vector_38                                       /usr/lib/gcc/avr/5.4.0/../../../avr/lib/avr6/crtatmega2560.o
__vector_39                                       /usr/lib/gcc/avr/5.4.0/../../../avr/lib/avr6/crtatmega2560.o
__vector_4                                        /usr/lib/gcc/avr/5.4.0/../../../avr/lib/avr6/crtatmega2560.o
__vector_40                                       /usr/lib/gcc/avr/5.4.0/../../../avr/lib/avr6/crtatmega2560.o
__vector_41                                       /usr/lib/gcc/avr/5.4.0/../../../avr/lib/avr6/crtatmega2560.o
__vector_42                                       /usr/lib/gcc/avr/5.4.0/../../../avr/lib/avr6/crtatmega2560.o
__vector_43                                       /usr/lib/gcc/avr/5.4.0/../../../avr/lib/avr6/crtatmega2560.o
__vector_44                                       /usr/lib/gcc/avr/5.4.0/../../../avr/lib/avr6/crtatmega2560.o
__vector_45                                       /usr/lib/gcc/avr/5.4.0/../../../avr/lib/avr6/crtatmega2560.o
__vector_46                                       /usr/lib/gcc/avr/5.4.0/../../../avr/lib/avr6/crtatmega2560.o
__vector_47                                       /usr/lib/gcc/avr/5.4.0/../../../avr/lib/avr6/crtatmega2560.o
__vector_48                                       /usr/lib/gcc/avr/5.4.0/../../../avr/lib/avr6/crtatmega2560.o
__vector_49                                       /usr/lib/gcc/avr/5.4.0/../../../avr/lib/avr6/crtatmega2560.o
__vector_5                                        obj/Release/main.o
                                                  /usr/lib/gcc/avr/5.4.0/../../../avr/lib/avr6/crtatmega2560.o
__vector_50                                       /usr/lib/gcc/avr/5.4.0/../../../avr/lib/avr6/crtatmega2560.o
__vector_51                                       /usr/lib/gcc/avr/5.4.0/../../../avr/lib/avr6/crtatmega2560.o
__vector_52                                       /usr/lib/gcc/avr/5.4.0/../../../avr/lib/avr6/crtatmega2560.o
__vector_53                                       /usr/lib/gcc/avr/5.4.0/../../../avr/lib/avr6/crtatmega2560.o
__vector_54                                       /usr/lib/gcc/avr/5.4.0/../../../avr/lib/avr6/crtatmega2560.o
__vector_55                                       /usr/lib/gcc/avr/5.4.0/../../../avr/lib/avr6/crtatmega2560.o
__vector_56                                       /usr/lib/gcc/avr/5.4.0/../../../avr/lib/avr6/crtatmega2560.o
__vector_6                                        /usr/lib/gcc/avr/5.4.0/../../../avr/lib/avr6/crtatmega2560.o
__vector_7                                        /usr/lib/gcc/avr/5.4.0/../../../avr/lib/avr6/crtatmega2560.o
__vector_8                                        /usr/lib/gcc/avr/5.4.0/../../../avr/lib/avr6/crtatmega2560.o
__vector_9                                        /usr/lib/gcc/avr/5.4.0/../../../avr/lib/avr6/crtatmega2560.o
__vector_default                                  /usr/lib/gcc/avr/5.4.0/../../../avr/lib/avr6/crtatmega2560.o
__vectors                                         /usr/lib/gcc/avr/5.4.0/../../../avr/lib/avr6/crtatmega2560.o
_exit                                             /usr/lib/gcc/avr/5.4.0/avr6/libgcc.a(_exit.o)
calloc                                            /usr/lib/gcc/avr/5.4.0/../../../avr/lib/avr6/libc.a(calloc.o)
                                                  /usr/lib/gcc/avr/5.4.0/../../../avr/lib/avr6/libc.a(fdevopen.o)
exit                                              /usr/lib/gcc/avr/5.4.0/avr6/libgcc.a(_exit.o)
                                                  /usr/lib/gcc/avr/5.4.0/../../../avr/lib/avr6/crtatmega2560.o
falling_cnt                                       obj/Release/main.o
fdevopen                                          /usr/lib/gcc/avr/5.4.0/../../../avr/lib/avr6/libc.a(fdevopen.o)
                                                  obj/Release/main.o
fputc                                             /usr/lib/gcc/avr/5.4.0/../../../avr/lib/avr6/libc.a(fputc.o)
                                                  /usr/lib/gcc/avr/5.4.0/../../../avr/lib/avr6/libc.a(vfprintf_std.o)
free                                              /usr/lib/gcc/avr/5.4.0/../../../avr/lib/avr6/libc.a(malloc.o)
main                                              obj/Release/main.o
                                                  /usr/lib/gcc/avr/5.4.0/../../../avr/lib/avr6/crtatmega2560.o
malloc                                            /usr/lib/gcc/avr/5.4.0/../../../avr/lib/avr6/libc.a(malloc.o)
                                                  /usr/lib/gcc/avr/5.4.0/../../../avr/lib/avr6/libc.a(calloc.o)
memset                                            /usr/lib/gcc/avr/5.4.0/../../../avr/lib/avr6/libc.a(memset.o)
                                                  /usr/lib/gcc/avr/5.4.0/../../../avr/lib/avr6/libc.a(calloc.o)
printf                                            /usr/lib/gcc/avr/5.4.0/../../../avr/lib/avr6/libc.a(printf.o)
                                                  obj/Release/main.o
receiver1                                         obj/Release/main.o
rf_ppm_timer_set                                  obj/Release/rf.o
                                                  obj/Release/main.o
rf_receiver_init                                  obj/Release/rf.o
                                                  obj/Release/main.o
strnlen                                           /usr/lib/gcc/avr/5.4.0/../../../avr/lib/avr6/libc.a(strnlen.o)
                                                  /usr/lib/gcc/avr/5.4.0/../../../avr/lib/avr6/libc.a(vfprintf_std.o)
strnlen_P                                         /usr/lib/gcc/avr/5.4.0/../../../avr/lib/avr6/libc.a(strnlen_P.o)
                                                  /usr/lib/gcc/avr/5.4.0/../../../avr/lib/avr6/libc.a(vfprintf_std.o)
t1                                                obj/Release/main.o
t2                                                obj/Release/main.o
term                                              obj/Release/main.o
uart_init                                         obj/Release/uart.o
                                                  obj/Release/main.o
uart_recieve                                      obj/Release/uart.o
uart_string_transmit                              obj/Release/uart.o
uart_transmit                                     obj/Release/uart.o
usart_tx_char                                     obj/Release/uart.o
                                                  obj/Release/main.o
vfprintf                                          /usr/lib/gcc/avr/5.4.0/../../../avr/lib/avr6/libc.a(vfprintf_std.o)
                                                  /usr/lib/gcc/avr/5.4.0/../../../avr/lib/avr6/libc.a(printf.o)
